
> Configure project :
Fabric Loom: 1.8.13

> Task :compileJava UP-TO-DATE
> Task :processResources UP-TO-DATE
> Task :classes UP-TO-DATE
> Task :jar UP-TO-DATE
> Task :compileTestJava NO-SOURCE
> Task :processIncludeJars UP-TO-DATE
> Task :remapJar UP-TO-DATE
> Task :sourcesJar UP-TO-DATE
> Task :remapSourcesJar UP-TO-DATE
> Task :assemble UP-TO-DATE
> Task :processTestResources NO-SOURCE
> Task :testClasses UP-TO-DATE
> Task :test NO-SOURCE
> Task :validateAccessWidener NO-SOURCE
> Task :check UP-TO-DATE
> Task :build UP-TO-DATE

BUILD SUCCESSFUL in 9s
7 actionable tasks: 7 up-to-date
