
> Configure project :
Fabric Loom: 1.8.13

> Task :compileJava FAILED
.\gradlew : D:\JavaProj
ects\welcome-to-my-worl
d-1.20.1\src\main\java\
com\trongthang\welcomet
omyworld\mixin\misc\Fab
ricSkyboxesCrashFixMixi
n.java:13: error: 
unclosed string literal
At line:1 char:1
+ .\gradlew 
compileJava 
--console=plain > 
build_output.log 2>&1
+ ~~~~~~~~~~~~~~~~~~~~~
~~~~~~~~~~~~~~~~~~~~~~~
~~~~~~~~~~~~~~~~~
    + CategoryInfo     
         : NotSpecifi  
  ed: (D:\JavaProjec   
 ts... string liter    
al:String) [], Rem    
oteException
    + FullyQualifiedEr 
   rorId : NativeComm  
  andError
 
@Mixin(targets = 
"io.github.amerebagat
                 ^
D:\JavaProjects\welcome
-to-my-world-1.20.1\src
\main\java\com\trongtha
ng\welcometomyworld\mix
in\misc\FabricSkyboxesC
rashFixMixin.java:18: 
error: class, 
interface, enum, or 
record expected
    private void onTick
(net.minecraft.client.w
orld.ClientWorld 
world, CallbackInfo 
ci) {
            ^
D:\JavaProjects\welcome
-to-my-world-1.20.1\src
\main\java\com\trongtha
ng\welcometomyworld\mix
in\misc\FabricSkyboxesC
rashFixMixin.java:20: 
error: class, 
interface, enum, or 
record expected
        if 
(client.world == null 
|| client.player == 
null || 
client.cameraEntity == 
null) {
        ^
D:\JavaProjects\welcome
-to-my-world-1.20.1\src
\main\java\com\trongtha
ng\welcometomyworld\mix
in\misc\FabricSkyboxesC
rashFixMixin.java:22: 
error: class, 
interface, enum, or 
record expected
        }
        ^
4 errors

FAILURE: Build failed 
with an exception.

* What went wrong:
Execution failed for 
task ':compileJava'.
> Compilation failed; 
see the compiler error 
output for details.

* Try:
> Run with --info 
option to get more log 
output.
> Run with --scan to 
get full insights.

BUILD FAILED in 14s
1 actionable task: 1 executed
