
> Configure project :
Fabric Loom: 1.8.13

> Task :compileJava

BUILD SUCCESSFUL in 26s
1 actionable task: 1 executed
